This is XeTeX, Version 3.141592653-2.6-0.999998 (MiKTeX 26.1) (preloaded format=xelatex 2026.2.19)  9 JUL 2026 15:39
entering extended mode
 restricted \write18 enabled.
 %&-line parsing enabled.
**d:/Minor_Project/EdumentX/Documentation/97-Educational_Contents/Shlok_Dai_Mid
_defense/main.tex

(d:/Minor_Project/EdumentX/Documentation/97-Educational_Contents/Shlok_Dai_Mid_
defense/main.tex
LaTeX2e <2025-11-01>
L3 programming layer <2026-01-19>
(C:\Users\Asim\AppData\Local\Programs\MiKTeX\tex/latex/base\report.cls
Document Class: report 2025/01/22 v1.4n Standard LaTeX document class
(C:\Users\Asim\AppData\Local\Programs\MiKTeX\tex/latex/base\size12.clo
File: size12.clo 2025/01/22 v1.4n Standard LaTeX file (size option)
)
\c@part=\count271
\c@chapter=\count272
\c@section=\count273
\c@subsection=\count274
\c@subsubsection=\count275
\c@paragraph=\count276
\c@subparagraph=\count277
\c@figure=\count278
\c@table=\count279
\abovecaptionskip=\skip49
\belowcaptionskip=\skip50
\bibindent=\dimen148
)
(C:\Users\Asim\AppData\Local\Programs\MiKTeX\tex/latex/xcolor\xcolor.sty
Package: xcolor 2024/09/29 v3.02 LaTeX color extensions (UK)

(C:\Users\Asim\AppData\Local\Programs\MiKTeX\tex/latex/graphics-cfg\color.cfg
File: color.cfg 2016/01/02 v1.6 sample color configuration
)
Package xcolor Info: Driver file: xetex.def on input line 274.

(C:\Users\Asim\AppData\Local\Programs\MiKTeX\tex/latex/graphics-def\xetex.def
File: xetex.def 2025/11/01 v5.0p Graphics/color driver for xetex
)
(C:\Users\Asim\AppData\Local\Programs\MiKTeX\tex/latex/graphics\mathcolor.ltx)
Package xcolor Info: Model `cmy' substituted by `cmy0' on input line 1349.
Package xcolor Info: Model `RGB' extended on input line 1365.
Package xcolor Info: Model `HTML' substituted by `rgb' on input line 1367.
Package xcolor Info: Model `Hsb' substituted by `hsb' on input line 1368.
Package xcolor Info: Model `tHsb' substituted by `hsb' on input line 1369.
Package xcolor Info: Model `HSB' substituted by `hsb' on input line 1370.
Package xcolor Info: Model `Gray' substituted by `gray' on input line 1371.
Package xcolor Info: Model `wave' substituted by `hsb' on input line 1372.
) (C:\Users\Asim\AppData\Local\Programs\MiKTeX\tex/latex/base\inputenc.sty
Package: inputenc 2024/02/08 v1.3d Input encoding file
\inpenc@prehook=\toks17
\inpenc@posthook=\toks18


Package inputenc Warning: inputenc package ignored with utf8 based engines.

) (C:\Users\Asim\AppData\Local\Programs\MiKTeX\tex/latex/natbib\natbib.sty
Package: natbib 2010/09/13 8.31b (PWD, AO)
\bibhang=\skip51
\bibsep=\skip52
LaTeX Info: Redefining \cite on input line 694.
\c@NAT@ctr=\count280
)
(C:\Users\Asim\AppData\Local\Programs\MiKTeX\tex/latex/geometry\geometry.sty
Package: geometry 2020/01/02 v5.9 Page Geometry

(C:\Users\Asim\AppData\Local\Programs\MiKTeX\tex/latex/graphics\keyval.sty
Package: keyval 2022/05/29 v1.15 key=value parser (DPC)
\KV@toks@=\toks19
)
(C:\Users\Asim\AppData\Local\Programs\MiKTeX\tex/generic/iftex\ifvtex.sty
Package: ifvtex 2019/10/25 v1.7 ifvtex legacy package. Use iftex instead.

(C:\Users\Asim\AppData\Local\Programs\MiKTeX\tex/generic/iftex\iftex.sty
Package: iftex 2024/12/12 v1.0g TeX engine tests
))
\Gm@cnth=\count281
\Gm@cntv=\count282
\c@Gm@tempcnt=\count283
\Gm@bindingoffset=\dimen149
\Gm@wd@mp=\dimen150
\Gm@odd@mp=\dimen151
\Gm@even@mp=\dimen152
\Gm@layoutwidth=\dimen153
\Gm@layoutheight=\dimen154
\Gm@layouthoffset=\dimen155
\Gm@layoutvoffset=\dimen156
\Gm@dimlist=\toks20

(C:\Users\Asim\AppData\Local\Programs\MiKTeX\tex/latex/geometry\geometry.cfg))
(C:\Users\Asim\AppData\Local\Programs\MiKTeX\tex/latex/float\float.sty
Package: float 2001/11/08 v1.3d Float enhancements (AL)
\c@float@type=\count284
\float@exts=\toks21
\float@box=\box53
\@float@everytoks=\toks22
\@floatcapt=\box54
)
(C:\Users\Asim\AppData\Local\Programs\MiKTeX\tex/latex/hyperref\hyperref.sty
Package: hyperref 2026-01-29 v7.01p Hypertext links for LaTeX

(C:\Users\Asim\AppData\Local\Programs\MiKTeX\tex/latex/kvsetkeys\kvsetkeys.sty
Package: kvsetkeys 2022-10-05 v1.19 Key value parser (HO)
)
(C:\Users\Asim\AppData\Local\Programs\MiKTeX\tex/generic/kvdefinekeys\kvdefinek
eys.sty
Package: kvdefinekeys 2019-12-19 v1.6 Define keys (HO)
)
(C:\Users\Asim\AppData\Local\Programs\MiKTeX\tex/generic/pdfescape\pdfescape.st
y
Package: pdfescape 2019/12/09 v1.15 Implements pdfTeX's escape features (HO)
 (C:\Users\Asim\AppData\Local\Programs\MiKTeX\tex/generic/ltxcmds\ltxcmds.sty
Package: ltxcmds 2023-12-04 v1.26 LaTeX kernel commands for general use (HO)
)
(C:\Users\Asim\AppData\Local\Programs\MiKTeX\tex/generic/pdftexcmds\pdftexcmds.
sty
Package: pdftexcmds 2020-06-27 v0.33 Utility functions of pdfTeX for LuaTeX (HO
)

(C:\Users\Asim\AppData\Local\Programs\MiKTeX\tex/generic/infwarerr\infwarerr.st
y
Package: infwarerr 2019/12/03 v1.5 Providing info/warning/error messages (HO)
)
Package pdftexcmds Info: \pdf@primitive is available.
Package pdftexcmds Info: \pdf@ifprimitive is available.
Package pdftexcmds Info: \pdfdraftmode not found.
)) (C:\Users\Asim\AppData\Local\Programs\MiKTeX\tex/latex/hycolor\hycolor.sty
Package: hycolor 2020-01-27 v1.10 Color options for hyperref/bookmark (HO)
) (C:\Users\Asim\AppData\Local\Programs\MiKTeX\tex/latex/hyperref\nameref.sty
Package: nameref 2026-01-29 v2.58 Cross-referencing by name of section

(C:\Users\Asim\AppData\Local\Programs\MiKTeX\tex/latex/refcount\refcount.sty
Package: refcount 2019/12/15 v3.6 Data extraction from label references (HO)
)
(C:\Users\Asim\AppData\Local\Programs\MiKTeX\tex/generic/gettitlestring\gettitl
estring.sty
Package: gettitlestring 2019/12/15 v1.6 Cleanup title references (HO)

(C:\Users\Asim\AppData\Local\Programs\MiKTeX\tex/latex/kvoptions\kvoptions.sty
Package: kvoptions 2022-06-15 v3.15 Key value format for package options (HO)
))
\c@section@level=\count285
) (C:\Users\Asim\AppData\Local\Programs\MiKTeX\tex/latex/etoolbox\etoolbox.sty
Package: etoolbox 2025/10/02 v2.5m e-TeX tools for LaTeX (JAW)
\etb@tempcnta=\count286
)
(C:\Users\Asim\AppData\Local\Programs\MiKTeX\tex/generic/stringenc\stringenc.st
y
Package: stringenc 2019/11/29 v1.12 Convert strings between diff. encodings (HO
)
)
\@linkdim=\dimen157
\Hy@linkcounter=\count287
\Hy@pagecounter=\count288
 (C:\Users\Asim\AppData\Local\Programs\MiKTeX\tex/latex/hyperref\pd1enc.def
File: pd1enc.def 2026-01-29 v7.01p Hyperref: PDFDocEncoding definition (HO)
)
(C:\Users\Asim\AppData\Local\Programs\MiKTeX\tex/generic/intcalc\intcalc.sty
Package: intcalc 2019/12/15 v1.3 Expandable calculations with integers (HO)
)
\Hy@SavedSpaceFactor=\count289

(C:\Users\Asim\AppData\Local\Programs\MiKTeX\tex/latex/hyperref\puenc.def
File: puenc.def 2026-01-29 v7.01p Hyperref: PDF Unicode definition (HO)
)
Package hyperref Info: Hyper figures OFF on input line 4201.
Package hyperref Info: Link nesting OFF on input line 4206.
Package hyperref Info: Hyper index ON on input line 4209.
Package hyperref Info: Plain pages OFF on input line 4216.
Package hyperref Info: Backreferencing OFF on input line 4221.
Package hyperref Info: Implicit mode ON; LaTeX internals redefined.
Package hyperref Info: Bookmarks ON on input line 4468.
\c@Hy@tempcnt=\count290

(C:\Users\Asim\AppData\Local\Programs\MiKTeX\tex/latex/url\url.sty
\Urlmuskip=\muskip17
Package: url 2013/09/16  ver 3.4  Verb mode for urls, etc.
)
LaTeX Info: Redefining \url on input line 4807.
\XeTeXLinkMargin=\dimen158

(C:\Users\Asim\AppData\Local\Programs\MiKTeX\tex/generic/bitset\bitset.sty
Package: bitset 2019/12/09 v1.3 Handle bit-vector datatype (HO)

(C:\Users\Asim\AppData\Local\Programs\MiKTeX\tex/generic/bigintcalc\bigintcalc.
sty
Package: bigintcalc 2019/12/15 v1.5 Expandable calculations on big integers (HO
)
))
\Fld@menulength=\count291
\Field@Width=\dimen159
\Fld@charsize=\dimen160
Package hyperref Info: Hyper figures OFF on input line 6084.
Package hyperref Info: Link nesting OFF on input line 6089.
Package hyperref Info: Hyper index ON on input line 6092.
Package hyperref Info: backreferencing OFF on input line 6099.
Package hyperref Info: Link coloring OFF on input line 6104.
Package hyperref Info: Link coloring with OCG OFF on input line 6109.
Package hyperref Info: PDF/A mode OFF on input line 6114.
\Hy@abspage=\count292
\c@Item=\count293
\c@Hfootnote=\count294
)
Package hyperref Info: Driver (autodetected): hxetex.

(C:\Users\Asim\AppData\Local\Programs\MiKTeX\tex/latex/hyperref\hxetex.def
File: hxetex.def 2026-01-29 v7.01p Hyperref driver for XeTeX
\pdfm@box=\box55
\c@Hy@AnnotLevel=\count295
\HyField@AnnotCount=\count296
\Fld@listcount=\count297
\c@bookmark@seq@number=\count298

(C:\Users\Asim\AppData\Local\Programs\MiKTeX\tex/latex/rerunfilecheck\rerunfile
check.sty
Package: rerunfilecheck 2025-06-21 v1.11 Rerun checks for auxiliary files (HO)

(C:\Users\Asim\AppData\Local\Programs\MiKTeX\tex/generic/uniquecounter\uniqueco
unter.sty
Package: uniquecounter 2019/12/15 v1.4 Provide unlimited unique counter (HO)
)
Package uniquecounter Info: New unique counter `rerunfilecheck' on input line 2
84.
)
\Hy@SectionHShift=\skip53
)
(C:\Users\Asim\AppData\Local\Programs\MiKTeX\tex/latex/graphics\graphicx.sty
Package: graphicx 2024/12/31 v1.2e Enhanced LaTeX Graphics (DPC,SPQR)

(C:\Users\Asim\AppData\Local\Programs\MiKTeX\tex/latex/graphics\graphics.sty
Package: graphics 2024/08/06 v1.4g Standard LaTeX Graphics (DPC,SPQR)

(C:\Users\Asim\AppData\Local\Programs\MiKTeX\tex/latex/graphics\trig.sty
Package: trig 2023/12/02 v1.11 sin cos tan (DPC)
)
(C:\Users\Asim\AppData\Local\Programs\MiKTeX\tex/latex/graphics-cfg\graphics.cf
g
File: graphics.cfg 2016/06/04 v1.11 sample graphics configuration
)
Package graphics Info: Driver file: xetex.def on input line 106.
)
\Gin@req@height=\dimen161
\Gin@req@width=\dimen162
)
(C:\Users\Asim\AppData\Local\Programs\MiKTeX\tex/latex/graphics\rotating.sty
Package: rotating 2025/01/14 v2.16e rotated objects in LaTeX

(C:\Users\Asim\AppData\Local\Programs\MiKTeX\tex/latex/base\ifthen.sty
Package: ifthen 2024/03/16 v1.1e Standard LaTeX ifthen package (DPC)
)
\c@r@tfl@t=\count299
\rotFPtop=\skip54
\rotFPbot=\skip55
\rot@float@box=\box56
\rot@mess@toks=\toks23
)
(C:\Users\Asim\AppData\Local\Programs\MiKTeX\tex/latex/amsmath\amsmath.sty
Package: amsmath 2025/07/09 v2.17z AMS math features
\@mathmargin=\skip56

For additional information on amsmath, use the `?' option.
(C:\Users\Asim\AppData\Local\Programs\MiKTeX\tex/latex/amsmath\amstext.sty
Package: amstext 2024/11/17 v2.01 AMS text

(C:\Users\Asim\AppData\Local\Programs\MiKTeX\tex/latex/amsmath\amsgen.sty
File: amsgen.sty 1999/11/30 v2.0 generic functions
\@emptytoks=\toks24
\ex@=\dimen163
))
(C:\Users\Asim\AppData\Local\Programs\MiKTeX\tex/latex/amsmath\amsbsy.sty
Package: amsbsy 1999/11/29 v1.2d Bold Symbols
\pmbraise@=\dimen164
)
(C:\Users\Asim\AppData\Local\Programs\MiKTeX\tex/latex/amsmath\amsopn.sty
Package: amsopn 2022/04/08 v2.04 operator names
)
\inf@bad=\count300
LaTeX Info: Redefining \frac on input line 233.
\uproot@=\count301
\leftroot@=\count302
LaTeX Info: Redefining \overline on input line 398.
LaTeX Info: Redefining \colon on input line 409.
\classnum@=\count303
\DOTSCASE@=\count304
LaTeX Info: Redefining \ldots on input line 495.
LaTeX Info: Redefining \dots on input line 498.
LaTeX Info: Redefining \cdots on input line 619.
\Mathstrutbox@=\box57
\strutbox@=\box58
LaTeX Info: Redefining \big on input line 721.
LaTeX Info: Redefining \Big on input line 722.
LaTeX Info: Redefining \bigg on input line 723.
LaTeX Info: Redefining \Bigg on input line 724.
\big@size=\dimen165
LaTeX Font Info:    Redeclaring font encoding OML on input line 742.
LaTeX Font Info:    Redeclaring font encoding OMS on input line 743.
\macc@depth=\count305
LaTeX Info: Redefining \bmod on input line 904.
LaTeX Info: Redefining \pmod on input line 909.
LaTeX Info: Redefining \smash on input line 939.
LaTeX Info: Redefining \relbar on input line 969.
LaTeX Info: Redefining \Relbar on input line 970.
\c@MaxMatrixCols=\count306
\dotsspace@=\muskip18
\c@parentequation=\count307
\dspbrk@lvl=\count308
\tag@help=\toks25
\row@=\count309
\column@=\count310
\maxfields@=\count311
\andhelp@=\toks26
\eqnshift@=\dimen166
\alignsep@=\dimen167
\tagshift@=\dimen168
\tagwidth@=\dimen169
\totwidth@=\dimen170
\lineht@=\dimen171
\@envbody=\toks27
\multlinegap=\skip57
\multlinetaggap=\skip58
\mathdisplay@stack=\toks28
LaTeX Info: Redefining \[ on input line 2950.
LaTeX Info: Redefining \] on input line 2951.
)
(C:\Users\Asim\AppData\Local\Programs\MiKTeX\tex/latex/titlesec\titlesec.sty
Package: titlesec 2025/01/04 v2.17 Sectioning titles
\ttl@box=\box59
\beforetitleunit=\skip59
\aftertitleunit=\skip60
\ttl@plus=\dimen172
\ttl@minus=\dimen173
\ttl@toksa=\toks29
\titlewidth=\dimen174
\titlewidthlast=\dimen175
\titlewidthfirst=\dimen176
)
(C:\Users\Asim\AppData\Local\Programs\MiKTeX\tex/latex/fontspec\fontspec.sty
(C:\Users\Asim\AppData\Local\Programs\MiKTeX\tex/latex/l3packages/xparse\xparse
.sty (C:\Users\Asim\AppData\Local\Programs\MiKTeX\tex/latex/l3kernel\expl3.sty
Package: expl3 2026-01-19 L3 programming layer (loader) 

(C:\Users\Asim\AppData\Local\Programs\MiKTeX\tex/latex/l3backend\l3backend-xete
x.def
File: l3backend-xetex.def 2025-10-09 L3 backend support: XeTeX
\g__graphics_track_int=\count312
\g__pdfannot_backend_int=\count313
\g__pdfannot_backend_link_int=\count314
))
Package: xparse 2025-10-09 L3 Experimental document command parser
)
Package: fontspec 2025/09/29 v2.9g Font selection for XeLaTeX and LuaLaTeX

(C:\Users\Asim\AppData\Local\Programs\MiKTeX\tex/latex/fontspec\fontspec-xetex.
sty
Package: fontspec-xetex 2025/09/29 v2.9g Font selection for XeLaTeX and LuaLaTe
X
\l__fontspec_script_int=\count315
\l__fontspec_language_int=\count316
\l__fontspec_strnum_int=\count317
\l__fontspec_tmp_int=\count318
\l__fontspec_tmpa_int=\count319
\l__fontspec_tmpb_int=\count320
\l__fontspec_tmpc_int=\count321
\l__fontspec_em_int=\count322
\l__fontspec_emdef_int=\count323
\l__fontspec_strong_int=\count324
\l__fontspec_strongdef_int=\count325
\l__fontspec_tmpa_dim=\dimen177
\l__fontspec_tmpb_dim=\dimen178
\l__fontspec_tmpc_dim=\dimen179
 (C:\Users\Asim\AppData\Local\Programs\MiKTeX\tex/latex/base\fontenc.sty
Package: fontenc 2025/07/18 v2.1d Standard LaTeX package
)
(C:\Users\Asim\AppData\Local\Programs\MiKTeX\tex/latex/fontspec\fontspec.cfg)))

Package fontspec Info: 
(fontspec)             Font family 'TimesNewRoman(0)' created for font 'Times
(fontspec)             New Roman' with options [Ligatures=TeX].
(fontspec)              
(fontspec)              This font family consists of the following NFSS
(fontspec)             series/shapes:
(fontspec)              
(fontspec)             - 'normal' (m/n) with NFSS spec.: <->"Times New
(fontspec)             Roman/OT:script=latn;language=dflt;mapping=tex-text;"
(fontspec)             - 'small caps'  (m/sc) with NFSS spec.: <->"Times New
(fontspec)             Roman/OT:script=latn;language=dflt;+smcp;mapping=tex-tex
t;"
(fontspec)             - 'bold' (b/n) with NFSS spec.: <->"Times New
(fontspec)             Roman/B/OT:script=latn;language=dflt;mapping=tex-text;"
(fontspec)             - 'bold small caps'  (b/sc) with NFSS spec.: <->"Times
(fontspec)             New
(fontspec)             Roman/B/OT:script=latn;language=dflt;+smcp;mapping=tex-t
ext;"
(fontspec)             - 'italic' (m/it) with NFSS spec.: <->"Times New
(fontspec)             Roman/I/OT:script=latn;language=dflt;mapping=tex-text;"
(fontspec)             - 'italic small caps'  (m/scit) with NFSS spec.:
(fontspec)             <->"Times New
(fontspec)             Roman/I/OT:script=latn;language=dflt;+smcp;mapping=tex-t
ext;"
(fontspec)             - 'bold italic' (b/it) with NFSS spec.: <->"Times New
(fontspec)             Roman/BI/OT:script=latn;language=dflt;mapping=tex-text;"

(fontspec)             - 'bold italic small caps'  (b/scit) with NFSS spec.:
(fontspec)             <->"Times New
(fontspec)             Roman/BI/OT:script=latn;language=dflt;+smcp;mapping=tex-
text;"

No file main.aux.
\openout1 = `main.aux'.

LaTeX Font Info:    Checking defaults for OML/cmm/m/it on input line 32.
LaTeX Font Info:    ... okay on input line 32.
LaTeX Font Info:    Checking defaults for OMS/cmsy/m/n on input line 32.
LaTeX Font Info:    ... okay on input line 32.
LaTeX Font Info:    Checking defaults for OT1/cmr/m/n on input line 32.
LaTeX Font Info:    ... okay on input line 32.
LaTeX Font Info:    Checking defaults for T1/cmr/m/n on input line 32.
LaTeX Font Info:    ... okay on input line 32.
LaTeX Font Info:    Checking defaults for TS1/cmr/m/n on input line 32.
LaTeX Font Info:    ... okay on input line 32.
LaTeX Font Info:    Checking defaults for TU/lmr/m/n on input line 32.
LaTeX Font Info:    ... okay on input line 32.
LaTeX Font Info:    Checking defaults for OMX/cmex/m/n on input line 32.
LaTeX Font Info:    ... okay on input line 32.
LaTeX Font Info:    Checking defaults for U/cmr/m/n on input line 32.
LaTeX Font Info:    ... okay on input line 32.
LaTeX Font Info:    Checking defaults for PD1/pdf/m/n on input line 32.
LaTeX Font Info:    ... okay on input line 32.
LaTeX Font Info:    Checking defaults for PU/pdf/m/n on input line 32.
LaTeX Font Info:    ... okay on input line 32.
*geometry* driver: auto-detecting
*geometry* detected driver: xetex
*geometry* verbose mode - [ preamble ] result:
* driver: xetex
* paper: a4paper
* layout: <same size as paper>
* layoutoffset:(h,v)=(0.0pt,0.0pt)
* modes: 
* h-part:(L,W,R)=(108.405pt, 416.83289pt, 72.26999pt)
* v-part:(T,H,B)=(72.26999pt, 700.50687pt, 72.26999pt)
* \paperwidth=597.50787pt
* \paperheight=845.04684pt
* \textwidth=416.83289pt
* \textheight=700.50687pt
* \oddsidemargin=36.13501pt
* \evensidemargin=36.13501pt
* \topmargin=-37.0pt
* \headheight=12.0pt
* \headsep=25.0pt
* \topskip=12.0pt
* \footskip=30.0pt
* \marginparwidth=44.0pt
* \marginparsep=10.0pt
* \columnsep=10.0pt
* \skip\footins=10.8pt plus 4.0pt minus 2.0pt
* \hoffset=0.0pt
* \voffset=0.0pt
* \mag=1000
* \@twocolumnfalse
* \@twosidefalse
* \@mparswitchfalse
* \@reversemarginfalse
* (1in=72.27pt=25.4mm, 1cm=28.453pt)

Package hyperref Info: Link coloring OFF on input line 32.
\@outlinefile=\write3
\openout3 = `main.out'.


Package hyperref Warning: Rerun to get /PageLabels entry.


Package fontspec Info: 
(fontspec)             Adjusting the maths setup (use [no-math] to avoid
(fontspec)             this).

\symlegacymaths=\mathgroup4
LaTeX Font Info:    Overwriting symbol font `legacymaths' in version `bold'
(Font)                  OT1/cmr/m/n --> OT1/cmr/bx/n on input line 32.
LaTeX Font Info:    Redeclaring math accent \acute on input line 32.
LaTeX Font Info:    Redeclaring math accent \grave on input line 32.
LaTeX Font Info:    Redeclaring math accent \ddot on input line 32.
LaTeX Font Info:    Redeclaring math accent \tilde on input line 32.
LaTeX Font Info:    Redeclaring math accent \bar on input line 32.
LaTeX Font Info:    Redeclaring math accent \breve on input line 32.
LaTeX Font Info:    Redeclaring math accent \check on input line 32.
LaTeX Font Info:    Redeclaring math accent \hat on input line 32.
LaTeX Font Info:    Redeclaring math accent \dot on input line 32.
LaTeX Font Info:    Redeclaring math accent \mathring on input line 32.
LaTeX Font Info:    Redeclaring math symbol \Gamma on input line 32.
LaTeX Font Info:    Redeclaring math symbol \Delta on input line 32.
LaTeX Font Info:    Redeclaring math symbol \Theta on input line 32.
LaTeX Font Info:    Redeclaring math symbol \Lambda on input line 32.
LaTeX Font Info:    Redeclaring math symbol \Xi on input line 32.
LaTeX Font Info:    Redeclaring math symbol \Pi on input line 32.
LaTeX Font Info:    Redeclaring math symbol \Sigma on input line 32.
LaTeX Font Info:    Redeclaring math symbol \Upsilon on input line 32.
LaTeX Font Info:    Redeclaring math symbol \Phi on input line 32.
LaTeX Font Info:    Redeclaring math symbol \Psi on input line 32.
LaTeX Font Info:    Redeclaring math symbol \Omega on input line 32.
LaTeX Font Info:    Redeclaring math symbol \mathdollar on input line 32.
LaTeX Font Info:    Redeclaring symbol font `operators' on input line 32.
LaTeX Font Info:    Encoding `OT1' has changed to `TU' for symbol font
(Font)              `operators' in the math version `normal' on input line 32.
LaTeX Font Info:    Overwriting symbol font `operators' in version `normal'
(Font)                  OT1/cmr/m/n --> TU/TimesNewRoman(0)/m/n on input line 3
2.
LaTeX Font Info:    Encoding `OT1' has changed to `TU' for symbol font
(Font)              `operators' in the math version `bold' on input line 32.
LaTeX Font Info:    Overwriting symbol font `operators' in version `bold'
(Font)                  OT1/cmr/bx/n --> TU/TimesNewRoman(0)/m/n on input line 
32.
LaTeX Font Info:    Overwriting symbol font `operators' in version `normal'
(Font)                  TU/TimesNewRoman(0)/m/n --> TU/TimesNewRoman(0)/m/n on 
input line 32.
LaTeX Font Info:    Overwriting math alphabet `\mathit' in version `normal'
(Font)                  OT1/cmr/m/it --> TU/TimesNewRoman(0)/m/it on input line
 32.
LaTeX Font Info:    Overwriting math alphabet `\mathbf' in version `normal'
(Font)                  OT1/cmr/bx/n --> TU/TimesNewRoman(0)/b/n on input line 
32.
LaTeX Font Info:    Overwriting math alphabet `\mathsf' in version `normal'
(Font)                  OT1/cmss/m/n --> TU/lmss/m/n on input line 32.
LaTeX Font Info:    Overwriting math alphabet `\mathtt' in version `normal'
(Font)                  OT1/cmtt/m/n --> TU/lmtt/m/n on input line 32.
LaTeX Font Info:    Overwriting symbol font `operators' in version `bold'
(Font)                  TU/TimesNewRoman(0)/m/n --> TU/TimesNewRoman(0)/b/n on 
input line 32.
LaTeX Font Info:    Overwriting math alphabet `\mathit' in version `bold'
(Font)                  OT1/cmr/bx/it --> TU/TimesNewRoman(0)/b/it on input lin
e 32.
LaTeX Font Info:    Overwriting math alphabet `\mathsf' in version `bold'
(Font)                  OT1/cmss/bx/n --> TU/lmss/b/n on input line 32.
LaTeX Font Info:    Overwriting math alphabet `\mathtt' in version `bold'
(Font)                  OT1/cmtt/m/n --> TU/lmtt/b/n on input line 32.
(titlepage.tex
File: Images/ncelogo.jpg Graphic file (type bmp)
<Images/ncelogo.jpg>
 [1

])
No file main.toc.
\tf@toc=\write4
\openout4 = `main.toc'.

[1

]
No file main.lof.
\tf@lof=\write5
\openout5 = `main.lof'.

[2

]
No file main.lot.
\tf@lot=\write6
\openout6 = `main.lot'.

[3

]
Overfull \hbox (10.5148pt too wide) in paragraph at lines 44--72
[] 
 []

[4

] [5]
 1.

Package natbib Warning: Citation `WHO2023AirPollution' on page 1 undefined on i
nput line 111.


Package natbib Warning: Citation `worldbank2025cleanair' on page 1 undefined on
 input line 116.


Package natbib Warning: Citation `Anderson2011ClearingTA' on page 1 undefined o
n input line 117.


Package natbib Warning: Citation `worldbank2025cleanair' on page 1 undefined on
 input line 122.


Package natbib Warning: Citation `Kathmandupost2025' on page 1 undefined on inp
ut line 122.


Package natbib Warning: Citation `doe2024' on page 1 undefined on input line 12
4.


Package natbib Warning: Citation `icimod2016' on page 1 undefined on input line
 124.


Package natbib Warning: Citation `Han2023ASO' on page 1 undefined on input line
 124.

[1

]

Package natbib Warning: Citation `icimod2022station' on page 2 undefined on inp
ut line 129.


Package natbib Warning: Citation `annapurnaexpress23' on page 2 undefined on in
put line 129.

[2] [3]
 2.

Underfull \hbox (badness 10000) in paragraph at lines 159--161

 []


Package natbib Warning: Citation `iran2025model' on page 4 undefined on input l
ine 162.


Package natbib Warning: Citation `iran2025model' on page 4 undefined on input l
ine 162.


Underfull \hbox (badness 10000) in paragraph at lines 162--163

 []


Package natbib Warning: Citation `korea' on page 4 undefined on input line 164.



Package natbib Warning: Citation `korea' on page 4 undefined on input line 164.



Underfull \hbox (badness 10000) in paragraph at lines 164--165

 []


Package natbib Warning: Citation `gap-filledKorea' on page 4 undefined on input
 line 166.


Package natbib Warning: Citation `gap-filledKorea' on page 4 undefined on input
 line 166.


Underfull \hbox (badness 10000) in paragraph at lines 166--167

 []

[4

]

Package natbib Warning: Citation `Beijing-Tianjin-Hebei' on page 5 undefined on
 input line 168.


Package natbib Warning: Citation `Beijing-Tianjin-Hebei' on page 5 undefined on
 input line 168.


Underfull \hbox (badness 10000) in paragraph at lines 168--169

 []


Package natbib Warning: Citation `HG-LSTM' on page 5 undefined on input line 17
0.


Package natbib Warning: Citation `HG-LSTM' on page 5 undefined on input line 17
0.


Underfull \hbox (badness 10000) in paragraph at lines 170--171

 []


Package natbib Warning: Citation `Taiwan' on page 5 undefined on input line 172
.


Package natbib Warning: Citation `Taiwan' on page 5 undefined on input line 172
.


Underfull \hbox (badness 10000) in paragraph at lines 172--173

 []

[5] [6]
 3.

Package natbib Warning: Citation `aerosolPM' on page 7 undefined on input line 
187.


Package natbib Warning: Citation `aodpm25' on page 7 undefined on input line 19
3.


Package natbib Warning: Citation `nitrogen1' on page 7 undefined on input line 
201.


Package natbib Warning: Citation `nitrogen2' on page 7 undefined on input line 
203.


Package natbib Warning: Citation `nitrogen3' on page 7 undefined on input line 
203.


Overfull \hbox (7.96796pt too wide) in paragraph at lines 203--207
[]\TU/TimesNewRoman(0)/m/n/12 NO$[]$ contributes to PM$[]$ through oxidation of
 SO$[]$ and formation of nitrate aerosols
 []


Package natbib Warning: Citation `sulphate' on page 7 undefined on input line 2
15.

[7

]

Package natbib Warning: Citation `carbon' on page 8 undefined on input line 231
.


Package natbib Warning: Citation `hcho' on page 8 undefined on input line 242.


Package natbib Warning: Citation `ozone1' on page 8 undefined on input line 255
.


Package natbib Warning: Citation `ozone2' on page 8 undefined on input line 257
.

[8]

Package natbib Warning: Citation `ndvi1' on page 9 undefined on input line 266.



Package natbib Warning: Citation `ozone1' on page 9 undefined on input line 270
.


Package natbib Warning: Citation `ndvi2' on page 9 undefined on input line 271.



Package natbib Warning: Citation `surface1' on page 9 undefined on input line 2
77.


Package natbib Warning: Citation `surface2' on page 9 undefined on input line 2
82.


Package natbib Warning: Citation `zhang2015effects' on page 9 undefined on inpu
t line 288.

[9]
Overfull \hbox (3.63269pt too wide) in paragraph at lines 301--302
\TU/TimesNewRoman(0)/m/n/12 by removing aerosols through wet deposition, genera
lly leading to decreased PM$[]$
 []

[10] [11] [12] [13] [14] [15] [16]
 4.
File: pdfs/block.pdf Graphic file (type pdf)
<use pdfs/block.pdf>
[17

]
File: pdfs/work.pdf Graphic file (type pdf)
<use pdfs/work.pdf>
 [18] [19]
File: pdfs/dfd0.pdf Graphic file (type pdf)
<use pdfs/dfd0.pdf>
 [20]

LaTeX Warning: Reference `fig:dfd0' on page 21 undefined on input line 610.


LaTeX Warning: Reference `fig:dfd1' on page 21 undefined on input line 617.

File: Images/dfd1.png Graphic file (type bmp)
<Images/dfd1.png>
[21]
File: pdfs/dfd2.1.pdf Graphic file (type pdf)
<use pdfs/dfd2.1.pdf>
 [22]

LaTeX Warning: Reference `fig:dfd2_1' on page 23 undefined on input line 650.

[23]
File: pdfs/dfd2.2.pdf Graphic file (type pdf)
<use pdfs/dfd2.2.pdf>
File: pdfs/dfd2.3.pdf Graphic file (type pdf)
<use pdfs/dfd2.3.pdf>
 [24]

LaTeX Warning: Reference `fig:dfd2_3' on page 25 undefined on input line 678.

File: pdfs/dfd2.4.pdf Graphic file (type pdf)
<use pdfs/dfd2.4.pdf>
[25]

LaTeX Warning: Reference `fig:dfd2_4' on page 26 undefined on input line 692.

File: pdfs/dfd2.5.pdf Graphic file (type pdf)
<use pdfs/dfd2.5.pdf>
[26]

LaTeX Warning: Reference `fig:dfd2_5' on page 27 undefined on input line 706.

File: pdfs/dfd2.6.pdf Graphic file (type pdf)
<use pdfs/dfd2.6.pdf>
[27]

LaTeX Warning: Reference `fig:dfd2_6' on page 28 undefined on input line 721.

File: pdfs/method1.pdf Graphic file (type pdf)
<use pdfs/method1.pdf>
[28]
Overfull \hbox (5.62488pt too wide) in paragraph at lines 742--743
[]\TU/TimesNewRoman(0)/m/n/12 For the PM$[]$ prediction and 7-day forecasting m
odels, site-specific validation against
 []

[29] [30]
 5.
[31

]

Package hyperref Warning: Token not allowed in a PDF string (Unicode):
(hyperref)                removing `math shift' on input line 779.


Package hyperref Warning: Token not allowed in a PDF string (Unicode):
(hyperref)                removing `subscript' on input line 779.


Package hyperref Warning: Token not allowed in a PDF string (Unicode):
(hyperref)                removing `math shift' on input line 779.

[32]
Overfull \hbox (17.75609pt too wide) in paragraph at lines 803--804
\TU/TimesNewRoman(0)/m/n/12 Kathmandu, Pokhara, Chitwan, and Birgunj. Hyperpara
meters were optimized via Bayesian
 []

[33]

LaTeX Warning: Reference `tab:era5_performance' on page 34 undefined on input l
ine 831.


Overfull \hbox (1.22571pt too wide) in paragraph at lines 831--832
\TU/TimesNewRoman(0)/m/n/12 Table [] presents the per-variable forecasting perf
ormance of the ERA5 forecaster across
 []


LaTeX Warning: `!h' float specifier changed to `!ht'.


LaTeX Warning: Reference `rain_performance' on page 34 undefined on input line 
881.

[34]
File: pdfs/era5-acc.pdf Graphic file (type pdf)
<use pdfs/era5-acc.pdf>
File: pdfs/era5-r2.pdf Graphic file (type pdf)
<use pdfs/era5-r2.pdf>

Overfull \vbox (72.27933pt too high) has occurred while \output is active []


[35]
File: pdfs/era5-matrix.pdf Graphic file (type pdf)
<use pdfs/era5-matrix.pdf>


Package hyperref Warning: Token not allowed in a PDF string (Unicode):
(hyperref)                removing `math shift' on input line 894.


Package hyperref Warning: Token not allowed in a PDF string (Unicode):
(hyperref)                removing `subscript' on input line 894.


Package hyperref Warning: Token not allowed in a PDF string (Unicode):
(hyperref)                removing `math shift' on input line 894.

[36] [37] [38]
Overfull \hbox (1.45306pt too wide) in paragraph at lines 1031--1032
\TU/TimesNewRoman(0)/m/n/12 quently, training-site-based transfer learning and 
gap-filling were not applied to Sentinel-
 []

[39]
Underfull \hbox (badness 10000) in paragraph at lines 1046--1047
[]\TU/TimesNewRoman(0)/m/n/12 Sensitive to soil/vegetation water content;
 []


Underfull \hbox (badness 1231) in paragraph at lines 1052--1053
[]\TU/TimesNewRoman(0)/m/n/12 Aerosol Optical Thickness not measured by
 []


Overfull \hbox (17.06659pt too wide) in paragraph at lines 1040--1055
 [][] 
 []

File: pdfs/s2-score.pdf Graphic file (type pdf)
<use pdfs/s2-score.pdf>
[40]

LaTeX Warning: Reference `tab:s5p_training' on page 41 undefined on input line 
1071.


Underfull \hbox (badness 1102) in paragraph at lines 1083--1084
[]\TU/TimesNewRoman(0)/m/n/12 Daily average influenced by boundary layer
 []


Underfull \hbox (badness 5681) in paragraph at lines 1091--1092
[]\TU/TimesNewRoman(0)/m/n/12 Point-source industrial emissions dominate;
 []

[41]

LaTeX Warning: Reference `tab:s5p_training' on page 42 undefined on input line 
1096.


LaTeX Warning: Reference `tab:s5p_deployment' on page 42 undefined on input lin
e 1101.

[42]
File: pdfs/sp5-score.pdf Graphic file (type pdf)
<use pdfs/sp5-score.pdf>


Package hyperref Warning: Token not allowed in a PDF string (Unicode):
(hyperref)                removing `math shift' on input line 1138.


Package hyperref Warning: Token not allowed in a PDF string (Unicode):
(hyperref)                removing `subscript' on input line 1138.


Package hyperref Warning: Token not allowed in a PDF string (Unicode):
(hyperref)                removing `math shift' on input line 1138.

[43]

Package natbib Warning: Citation `wolpert1996lack' on page 44 undefined on inpu
t line 1172.


Overfull \hbox (9.1023pt too wide) in paragraph at lines 1174--1175
[]\TU/TimesNewRoman(0)/m/n/12 The targets here (spectral bands, AOD, tropospher
ic gases) vary in noise, non-linearity,
 []

[44]
Overfull \hbox (9.22961pt too wide) in paragraph at lines 1182--1183
[]\TU/TimesNewRoman(0)/m/n/12 Per-target selection via Optuna hyperparameter tu
ning and time-series cross-validation
 []

[45]
 6.

Package hyperref Warning: Token not allowed in a PDF string (Unicode):
(hyperref)                removing `math shift' on input line 1194.


Package hyperref Warning: Token not allowed in a PDF string (Unicode):
(hyperref)                removing `subscript' on input line 1194.


Package hyperref Warning: Token not allowed in a PDF string (Unicode):
(hyperref)                removing `math shift' on input line 1194.

[46

]
Overfull \hbox (0.58002pt too wide) in paragraph at lines 1200--1201
[]\TU/TimesNewRoman(0)/m/n/12 Finally, a systematic evaluation determines wheth
er unified models suffice or region-
 []

[47]
No file main.bbl.

Package natbib Warning: There were undefined citations.

[48] (main.aux)
 ***********
LaTeX2e <2025-11-01>
L3 programming layer <2026-01-19>
 ***********


LaTeX Warning: There were undefined references.


LaTeX Warning: Label(s) may have changed. Rerun to get cross-references right.


Package rerunfilecheck Warning: File `main.out' has changed.
(rerunfilecheck)                Rerun to get outlines right
(rerunfilecheck)                or use package `bookmark'.

Package rerunfilecheck Info: Checksums for `main.out':
(rerunfilecheck)             Before: <no file>
(rerunfilecheck)             After:  4EBD397338226E06CA7826E2463B98D6;11882.
 ) 
Here is how much of TeX's memory you used:
 13185 strings out of 402982
 249588 string characters out of 5448680
 724649 words of memory out of 5000000
 41741 multiletter control sequences out of 15000+600000
 634177 words of font info for 85 fonts, out of 8000000 for 9000
 1348 hyphenation exceptions out of 8191
 73i,11n,116p,1087b,430s stack positions out of 10000i,1000n,20000p,200000b,200000s

Output written on main.pdf (54 pages).
